../Drivers/BSW/can_cfg.c:62:6:CarMsgPackage	0	static
../Drivers/BSW/can_cfg.c:67:6:CarMsgUnPackage	0	static
../Drivers/BSW/can_cfg.c:109:6:CAN1_Rx_Msg_Init	72	static
../Drivers/BSW/can_cfg.c:159:6:Can1_Rx_Process	32	static
../Drivers/BSW/can_cfg.c:195:6:CAN1_Tx_Msg_Init	8	static
../Drivers/BSW/can_cfg.c:215:6:Can1_Tx_Process	0	static
../Drivers/BSW/can_cfg.c:229:6:Can1_Tx_Message	16	static
../Drivers/BSW/can_cfg.c:285:6:CAN1_Fifo0_Full_IRQHandler	80	static
../Drivers/BSW/can_cfg.c:332:6:CAN1_Fifo1_Full_IRQHandler	80	static
