../Drivers/BSW/f_carProtocolJR-SYNC.c:86:6:CarJRRcvFrameCalibrationCmd	0	static
../Drivers/BSW/f_carProtocolJR-SYNC.c:106:6:CarJRRcvFrameBMS0Deal	24	static
../Drivers/BSW/f_carProtocolJR-SYNC.c:134:6:CarJRRcvFrameBMS1Deal	0	static
../Drivers/BSW/f_carProtocolJR-SYNC.c:140:6:CarJRRcvFrameBMS2Deal	0	static
../Drivers/BSW/f_carProtocolJR-SYNC.c:145:6:CarJRRcvFrameBMS3Deal	0	static
../Drivers/BSW/f_carProtocolJR-SYNC.c:151:6:CarJRRcvFrameBMS4Deal	0	static
../Drivers/BSW/f_carProtocolJR-SYNC.c:157:6:CarJRRcvFrameBMS5Deal	0	static
../Drivers/BSW/f_carProtocolJR-SYNC.c:164:6:CarJRRcvFrameMETERDeal	32	static
../Drivers/BSW/f_carProtocolJR-SYNC.c:206:6:CarJRRcvFrameMETER2Deal	0	static
../Drivers/BSW/f_carProtocolJR-SYNC.c:211:6:CarJRRcvFrameMETER3Deal	0	static
../Drivers/BSW/f_carProtocolJR-SYNC.c:216:6:CarJRRcvFrameTboxA1Deal	4	static
../Drivers/BSW/f_carProtocolJR-SYNC.c:232:6:CarJRRcvFrameTboxA2Deal	4	static
../Drivers/BSW/f_carProtocolJR-SYNC.c:256:6:CarJRRcvFramePumpInfo1Deal	0	static
../Drivers/BSW/f_carProtocolJR-SYNC.c:277:6:CarJRRcvFramePumpInfo2Deal	0	static
../Drivers/BSW/f_carProtocolJR-SYNC.c:294:6:CarJRRcvFramePump2TboxDeal	8	static
../Drivers/BSW/f_carProtocolJR-SYNC.c:326:6:CarJRFrameMETER1InfoUpdate	24	static
../Drivers/BSW/f_carProtocolJR-SYNC.c:419:6:CarJRFrameMETER2InfoUpdate	28	static
../Drivers/BSW/f_carProtocolJR-SYNC.c:516:6:CarJRFrameTBOXInfoUpdate	32	static
../Drivers/BSW/f_carProtocolJR-SYNC.c:651:6:CarJRDriverTboxUpdate	0	static
../Drivers/BSW/f_carProtocolJR-SYNC.c:656:6:CarJRDriverInfo1Update	16	static
../Drivers/BSW/f_carProtocolJR-SYNC.c:669:6:CarJRDriverInfo2Update	8	static
../Drivers/BSW/f_carProtocolJR-SYNC.c:702:6:CarJRDriverInfo3Update	4	static
../Drivers/BSW/f_carProtocolJR-SYNC.c:735:6:CarJRDriverInfo4Update	8	static
