../Core/APP/CAN/il.c:86:6:IL_FillSendMessage0x88	4	static
../Core/APP/CAN/il.c:94:6:IL_FillSendMessage0x89	4	static
../Core/APP/CAN/il.c:107:6:IL_FillSendMessage0x90	0	static
../Core/APP/CAN/il.c:116:6:IL_FillSendMessage0x188	0	static
../Core/APP/CAN/il.c:123:6:IL_FillSendMessage0x288	4	static
../Core/APP/CAN/il.c:132:6:IL_FillSendMessage0x4616401	4	static
../Core/APP/CAN/il.c:141:6:IL_FillSendMessage0x582	0	static
../Core/APP/CAN/il.c:146:6:IL_FillSendMessage0x582_SET	4	static
../Core/APP/CAN/il.c:157:6:IL_FillSendMessage0x583	0	static
../Core/APP/CAN/il.c:162:6:IL_FillSendMessage0x583_SET	4	static
../Core/APP/CAN/il.c:172:6:IL_Can1MessageRxISR	0	static
../Core/APP/CAN/il.c:188:6:IL_Can1SendMessageProgress	16	static
../Core/APP/CAN/il.c:219:6:IL_Can1SendMessageToBus	16	static
../Core/APP/CAN/il.c:236:6:IL_Can1ReceiveMessageProggress	24	static
../Core/APP/CAN/il.c:264:6:IL_Can2MessageRxISR	0	static
../Core/APP/CAN/il.c:281:6:IL_Can2SendMessageProgress	0	static
../Core/APP/CAN/il.c:313:6:IL_Can2SendMessageToBus	24	static
../Core/APP/CAN/il.c:330:6:IL_Can2ReceiveMessageProggress	24	static
../Core/APP/CAN/il.c:359:6:IL_InitTask	0	static
../Core/APP/CAN/il.c:366:6:IL_MainTask	8	static
